// Jest Snapshot v1, https://goo.gl/fbAQLP

exports[`App Component renders the UI as expected 1`] = `
<h1>
  Welcome to the StarWars Info Page!
</h1>
`;
